// Jest Snapshot v1, https://goo.gl/fbAQLP

exports[`<Page 404 /> renders correctly 1`] = `
<div
  className="container"
>
  <h1>
    404 Page not found
  </h1>
</div>
`;
